// Jest Snapshot v1, https://goo.gl/fbAQLP

exports[`renders correctly 1`] = `
<ul
  className="md:flex  hidden   md:w-auto w-full text-start "
>
  <li>
    <a
      className="px-2 py-2 lg:px-6  mt-2 md:mt-0 sm:mr-0 md:mr-2 lg:mr-4 text-sm  text-white tracking-wide inline-block border-b-2 border-transparent hover:border-white "
      href="/"
      onClick={[Function]}
    >
      nav.home
    </a>
  </li>
  <li>
    <a
      className="px-2 py-2 lg:px-6  mt-2 md:mt-0 sm:mr-0 md:mr-2 lg:mr-4 text-sm  text-white tracking-wide inline-block border-b-2 border-transparent hover:border-white "
      href="/about"
      onClick={[Function]}
    >
      nav.about
    </a>
  </li>
  <li>
    <a
      className="px-2 py-2 lg:px-6  mt-2 md:mt-0 sm:mr-0 md:mr-2 lg:mr-4 text-sm  text-white tracking-wide inline-block border-b-2 border-transparent hover:border-white "
      href="/instructions"
      onClick={[Function]}
    >
      nav.instructions
    </a>
  </li>
  <li>
    <a
      className="px-2 py-2 lg:px-6  mt-2 md:mt-0 sm:mr-0 md:mr-2 lg:mr-4 text-sm  text-white tracking-wide inline-block border-b-2 border-transparent hover:border-white "
      href="/process"
      onClick={[Function]}
    >
      nav.process
    </a>
  </li>
  <li>
    <a
      className="px-2 py-2 lg:px-6  mt-2 md:mt-0 sm:mr-0 md:mr-2 lg:mr-4 text-sm  text-white tracking-wide inline-block border-b-2 border-transparent hover:border-white "
      href="/search"
      onClick={[Function]}
    >
      nav.search
    </a>
  </li>
  <li>
    <a
      className="px-4 py-2 lg:px-6 mt-2 md:mt-0  text-sm tracking-wide transition duration-500 ease-in-out bg-white inline-block text-primary transform  hover:scale-95"
      href="/donate"
      onClick={[Function]}
    >
      nav.donate
    </a>
  </li>
  <li
    className=" flex sm:justify-center   order-first sm:order-first  "
  >
    <div
      className=" py-2 sm:py-0 lg:px-2  mt-2 md:mt-0  text-sm flex items-center"
    >
      <button
        className="flex   focus:outline-none "
        onClick={[Function]}
        type="button"
      >
        <p
          className="mr-1 text-white "
        >
          عربي
        </p>
        <img
          alt="Arabic"
          className="w-6 h-6 rounded-full object-cover  "
          src="languageicon.svg"
        />
      </button>
    </div>
  </li>
</ul>
`;
