// Jest Snapshot v1, https://goo.gl/fbAQLP

exports[`renders correctly 1`] = `
<div>
  <h1
    className="text-primary-100  sm:text-xl md:text-2xl lg:text-3xl pt-1 font-semibold  text-center"
  />
  <p
    className=" pt-3 pb-5  sm:text-sm md:text-base lg:text-lg  text-center "
  />
</div>
`;
