// Jest Snapshot v1, https://goo.gl/fbAQLP

exports[`renders correctly 1`] = `
<div
  className="flex w-100  h-screen bg-no-repeat bg-cover"
  style={
    Object {
      "backgroundImage": "linear-gradient(rgba(0, 0, 0, 0.6),rgba(0, 0, 0, 0.6)),url(Man-Smiling-Donating-Blood.jpg)",
    }
  }
/>
`;
