// Jest Snapshot v1, https://goo.gl/fbAQLP

exports[`renders correctly 1`] = `
<li>
  <a
    className="px-2 py-2 lg:px-6  mt-4 md:mt-0 sm:mr-0 md:mr-2 lg:mr-4 text-sm  text-white tracking-wide inline-block border-b-2 border-transparent hover:border-white "
    href="/donate"
    onClick={[Function]}
  >
    Donate
  </a>
</li>
`;
