// Jest Snapshot v1, https://goo.gl/fbAQLP

exports[`renders correctly 1`] = `
<button
  className="inline-block text-primary-100 text-base md:text-lg  text-center md:font-medium bg-white  md:mt-8 mt-4 px-8 md:px-12 lg:px-16 py-1 lg:py-2  shadow-md transition duration-500 ease-in-out transform hover:scale-95"
  onClick={[Function]}
  type="button"
>
  Donate
</button>
`;
