// Jest Snapshot v1, https://goo.gl/fbAQLP

exports[`renders correctly 1`] = `
<div
  classname="flex justify-center flex-wrap"
>
  <nav>
    <ul
      className=" text-white sm:flex justify-center flex-wrap "
    >
      <li
        className="px-2 py-2 lg:px-6  mt-4 md:mt-0 sm:mr-0 md:mr-2 lg:mr-4 text-sm  text-white tracking-wide inline-block border-b-2 border-transparent hover:border-white"
      >
        <a
          href="/"
          onClick={[Function]}
        >
          Home
        </a>
      </li>
      <li
        className="px-2 py-2 lg:px-6  mt-4 md:mt-0 sm:mr-0 md:mr-2 lg:mr-4 text-sm  text-white tracking-wide inline-block border-b-2 border-transparent hover:border-white"
      >
        <a
          href="/about"
          onClick={[Function]}
        >
          About
        </a>
      </li>
      <li
        className="px-2 py-2 lg:px-6  mt-4 md:mt-0 sm:mr-0 md:mr-2 lg:mr-4 text-sm  text-white tracking-wide inline-block border-b-2 border-transparent hover:border-white"
      >
        <a
          href="/instruction"
          onClick={[Function]}
        >
          Instructions
        </a>
      </li>
      <li
        className="px-2 py-2 lg:px-6  mt-4 md:mt-0 sm:mr-0 md:mr-2 lg:mr-4 text-sm  text-white tracking-wide inline-block border-b-2 border-transparent hover:border-white"
      >
        <a
          href="/process"
          onClick={[Function]}
        >
          Process
        </a>
      </li>
      <li
        className="px-2 py-2 lg:px-6  mt-4 md:mt-0 sm:mr-0 md:mr-2 lg:mr-4 text-sm  text-white tracking-wide inline-block border-b-2 border-transparent hover:border-white"
      >
        <a
          href="/search"
          onClick={[Function]}
        >
          Search
        </a>
      </li>
      <li
        className="px-2 py-2 lg:px-6  mt-4 md:mt-0 sm:mr-0 md:mr-2 lg:mr-4 text-sm  text-white tracking-wide inline-block border-b-2 border-transparent hover:border-white"
      >
        <a
          href="/donate"
          onClick={[Function]}
        >
          Donate
        </a>
      </li>
    </ul>
  </nav>
  <div>
    Home
  </div>
</div>
`;
