// Jest Snapshot v1, https://goo.gl/fbAQLP

exports[`renders correctly 1`] = `
<div
  className="max-w-sm px-1 py-1 m-10 mx-6 bg-gray-200 sm:w-full"
>
  <div
    className="flex"
  >
    <img
      alt="icon"
      className="w-6 h-6 px-1 my-3 mr-2"
      src="name.png"
    />
    <span
      className="pt-2 text-2xl font-bold sm:text-2xl md:text-2xl lg:text-2xl"
    >
       
      Emad Alhattami
       
    </span>
  </div>
  <div
    className="flex"
  >
    <img
      alt="icon"
      className="w-6 h-6 px-1 my-3 mr-2"
      src="blood_type.png"
    />
    <span
      className="pt-2 text-2xl font-bold sm:text-2xl md:text-2xl lg:text-2xl"
    >
      A+
       
    </span>
  </div>
  <div
    className="flex"
  >
    <img
      alt="icon"
      className="w-6 h-6 px-1 my-3 mr-2"
      src="phone.png"
    />
    <span
      className="pt-2 text-2xl font-bold sm:text-2xl md:text-2xl lg:text-2xl"
    >
       
      774373827
    </span>
  </div>
  <div
    className="flex"
  >
    <img
      alt="icon"
      className="w-6 h-6 px-1 my-3 mr-2"
      src="location.png"
    />
    <span
      className="pt-2 text-2xl font-bold sm:text-2xl md:text-2xl lg:text-2xl"
    >
       
      Sana'a
    </span>
  </div>
</div>
`;
