// Jest Snapshot v1, https://goo.gl/fbAQLP

exports[`renders correctly 1`] = `
<div
  className="App"
>
  <p
    className="text-black"
  >
    learn react
  </p>
  <div>
    <div
      className="bg-primary flex flex-col  items-center p-10 "
    >
      <div
        className="mb-5"
      >
        <svg
          fill="none"
          height="34"
          viewBox="0 0 142 34"
          width="142"
          xmlns="http://www.w3.org/2000/svg"
        >
          <g
            clip-path="url(#clip0)"
          >
            <rect
              fill="white"
              height="34.3199"
              rx="1.5"
              stroke="#C4CDD5"
              width="141.843"
              x="0.314941"
              y="-0.0078125"
            />
            <path
              d="M49.0016 10.4922H50.4816V23.2122H58.3216V24.4922H49.0016V10.4922ZM64.6227 24.5922C63.6093 24.5922 62.696 24.3655 61.8827 23.9122C61.0693 23.4455 60.4293 22.8055 59.9627 21.9922C59.496 21.1789 59.2627 20.2589 59.2627 19.2322C59.2627 18.2055 59.496 17.2855 59.9627 16.4722C60.4293 15.6589 61.0693 15.0255 61.8827 14.5722C62.696 14.1189 63.6093 13.8922 64.6227 13.8922C65.636 13.8922 66.5493 14.1189 67.3627 14.5722C68.176 15.0255 68.8093 15.6589 69.2627 16.4722C69.7293 17.2855 69.9627 18.2055 69.9627 19.2322C69.9627 20.2589 69.7293 21.1789 69.2627 21.9922C68.8093 22.8055 68.176 23.4455 67.3627 23.9122C66.5493 24.3655 65.636 24.5922 64.6227 24.5922ZM64.6227 23.3322C65.3693 23.3322 66.036 23.1655 66.6227 22.8322C67.2227 22.4855 67.6893 21.9989 68.0227 21.3722C68.356 20.7455 68.5227 20.0322 68.5227 19.2322C68.5227 18.4322 68.356 17.7189 68.0227 17.0922C67.6893 16.4655 67.2227 15.9855 66.6227 15.6522C66.036 15.3055 65.3693 15.1322 64.6227 15.1322C63.876 15.1322 63.2027 15.3055 62.6027 15.6522C62.016 15.9855 61.5493 16.4655 61.2027 17.0922C60.8693 17.7189 60.7027 18.4322 60.7027 19.2322C60.7027 20.0322 60.8693 20.7455 61.2027 21.3722C61.5493 21.9989 62.016 22.4855 62.6027 22.8322C63.2027 23.1655 63.876 23.3322 64.6227 23.3322ZM82.6017 13.9722V23.2122C82.6017 24.9989 82.1617 26.3189 81.2817 27.1722C80.4151 28.0389 79.1017 28.4722 77.3417 28.4722C76.3684 28.4722 75.4417 28.3255 74.5617 28.0322C73.6951 27.7522 72.9884 27.3589 72.4417 26.8522L73.1617 25.7722C73.6684 26.2255 74.2817 26.5789 75.0017 26.8322C75.7351 27.0855 76.5017 27.2122 77.3017 27.2122C78.6351 27.2122 79.6151 26.8989 80.2417 26.2722C80.8684 25.6589 81.1817 24.6989 81.1817 23.3922V22.0522C80.7417 22.7189 80.1617 23.2255 79.4417 23.5722C78.7351 23.9189 77.9484 24.0922 77.0817 24.0922C76.0951 24.0922 75.1951 23.8789 74.3817 23.4522C73.5817 23.0122 72.9484 22.4055 72.4817 21.6322C72.0284 20.8455 71.8017 19.9589 71.8017 18.9722C71.8017 17.9855 72.0284 17.1055 72.4817 16.3322C72.9484 15.5589 73.5817 14.9589 74.3817 14.5322C75.1817 14.1055 76.0817 13.8922 77.0817 13.8922C77.9751 13.8922 78.7817 14.0722 79.5017 14.4322C80.2217 14.7922 80.8017 15.3122 81.2417 15.9922V13.9722H82.6017ZM77.2217 22.8322C77.9817 22.8322 78.6684 22.6722 79.2817 22.3522C79.8951 22.0189 80.3684 21.5589 80.7017 20.9722C81.0484 20.3855 81.2217 19.7189 81.2217 18.9722C81.2217 18.2255 81.0484 17.5655 80.7017 16.9922C80.3684 16.4055 79.8951 15.9522 79.2817 15.6322C78.6817 15.2989 77.9951 15.1322 77.2217 15.1322C76.4617 15.1322 75.7751 15.2922 75.1617 15.6122C74.5617 15.9322 74.0884 16.3855 73.7417 16.9722C73.4084 17.5589 73.2417 18.2255 73.2417 18.9722C73.2417 19.7189 73.4084 20.3855 73.7417 20.9722C74.0884 21.5589 74.5617 22.0189 75.1617 22.3522C75.7751 22.6722 76.4617 22.8322 77.2217 22.8322ZM90.8727 24.5922C89.8593 24.5922 88.946 24.3655 88.1327 23.9122C87.3193 23.4455 86.6793 22.8055 86.2127 21.9922C85.746 21.1789 85.5127 20.2589 85.5127 19.2322C85.5127 18.2055 85.746 17.2855 86.2127 16.4722C86.6793 15.6589 87.3193 15.0255 88.1327 14.5722C88.946 14.1189 89.8593 13.8922 90.8727 13.8922C91.886 13.8922 92.7993 14.1189 93.6127 14.5722C94.426 15.0255 95.0593 15.6589 95.5127 16.4722C95.9793 17.2855 96.2127 18.2055 96.2127 19.2322C96.2127 20.2589 95.9793 21.1789 95.5127 21.9922C95.0593 22.8055 94.426 23.4455 93.6127 23.9122C92.7993 24.3655 91.886 24.5922 90.8727 24.5922ZM90.8727 23.3322C91.6193 23.3322 92.286 23.1655 92.8727 22.8322C93.4727 22.4855 93.9393 21.9989 94.2727 21.3722C94.606 20.7455 94.7727 20.0322 94.7727 19.2322C94.7727 18.4322 94.606 17.7189 94.2727 17.0922C93.9393 16.4655 93.4727 15.9855 92.8727 15.6522C92.286 15.3055 91.6193 15.1322 90.8727 15.1322C90.126 15.1322 89.4527 15.3055 88.8527 15.6522C88.266 15.9855 87.7993 16.4655 87.4527 17.0922C87.1193 17.7189 86.9527 18.4322 86.9527 19.2322C86.9527 20.0322 87.1193 20.7455 87.4527 21.3722C87.7993 21.9989 88.266 22.4855 88.8527 22.8322C89.4527 23.1655 90.126 23.3322 90.8727 23.3322Z"
              fill="#212B36"
            />
          </g>
          <defs>
            <clipPath
              id="clip0"
            >
              <rect
                fill="white"
                height="33.3199"
                transform="translate(0.814941 0.492188)"
                width="140.843"
              />
            </clipPath>
          </defs>
        </svg>
      </div>
      <div
        className="mb-5"
      >
        <p
          className="text-white"
        >
          Neque porro quisquam est qui dolorem ipsum quia dolor sit amet, consectetur, adipisci velit
        </p>
      </div>
      <div
        classname=" md:flex justify-center flex-wrap"
      >
        <nav>
          <ul
            className=" text-white md:flex justify-center flex-wrap "
          >
            <li
              className="mr-2 hover:bg-blue-500"
            >
              <a
                href="/"
                onClick={[Function]}
              >
                Home
              </a>
            </li>
            <li
              className="mr-2  hover:bg-blue-500"
            >
              <a
                href="/about"
                onClick={[Function]}
              >
                About
              </a>
            </li>
            <li
              className="mr-2  hover:bg-blue-500"
            >
              <a
                href="/instruction"
                onClick={[Function]}
              >
                Instructions
              </a>
            </li>
            <li
              className="mr-2  hover:bg-blue-500"
            >
              <a
                href="/process"
                onClick={[Function]}
              >
                Process
              </a>
            </li>
            <li
              className="mr-2  hover:bg-blue-500"
            >
              <a
                href="/search"
                onClick={[Function]}
              >
                Search
              </a>
            </li>
            <li
              className="mr-2  hover:bg-blue-500"
            >
              <a
                href="/donate"
                onClick={[Function]}
              >
                Donate
              </a>
            </li>
          </ul>
        </nav>
        <div>
          Home
        </div>
      </div>
      <div
        className="flex"
      >
        <svg
          className=" w-8 h-8 mr-2"
          fill="none"
          viewBox="0 0 17 22"
          xmlns="http://www.w3.org/2000/svg"
        >
          <path
            clip-rule="evenodd"
            d="M8.04339 6.56944L8.0752 7.2504L7.54497 7.16702C5.6149 6.84738 3.92874 5.7634 2.4971 3.94287L1.79719 3.03955L1.61691 3.70662C1.23513 5.19362 1.47904 6.764 2.2744 7.82019C2.69859 8.40387 2.60315 8.48725 1.87142 8.13982C1.61691 8.02864 1.39421 7.94526 1.373 7.98695C1.29876 8.08423 1.55328 9.34888 1.75477 9.84918C2.03049 10.544 2.59254 11.225 3.20762 11.628L3.72725 11.9477L3.11218 11.9616C2.51831 11.9616 2.4971 11.9754 2.56073 12.2673C2.77282 13.1706 3.6106 14.1295 4.54382 14.5464L5.20131 14.8383L4.62866 15.283C3.78028 15.9223 2.78343 16.2836 1.78658 16.3114C1.30937 16.3253 0.916992 16.3809 0.916992 16.4226C0.916992 16.5615 2.21077 17.3398 2.96371 17.6455C5.22252 18.5488 7.90553 18.1597 9.92043 16.6171C11.3521 15.5192 12.7837 13.3374 13.4518 11.225C13.8124 10.0993 14.1729 8.04254 14.1729 7.05584C14.1729 6.41657 14.2048 6.33319 14.7986 5.56884C15.1486 5.12413 15.4773 4.63773 15.541 4.49876C15.647 4.23471 15.6364 4.23471 15.0956 4.47096C14.1941 4.88788 14.0669 4.83229 14.5123 4.20691C14.841 3.7622 15.2334 2.95617 15.2334 2.71991C15.2334 2.67822 15.0743 2.74771 14.8941 2.87278C14.7032 3.01176 14.279 3.22021 13.9608 3.34529L13.3882 3.58154L12.8686 3.12293C12.5822 2.87278 12.1792 2.59484 11.9671 2.51146C11.4263 2.3169 10.5991 2.34469 10.1113 2.56705C8.78572 3.19242 7.94795 4.80449 8.04339 6.56944Z"
            fill="white"
            fill-rule="evenodd"
          />
          <mask
            height="17"
            id="mask0"
            mask-type="alpha"
            maskUnits="userSpaceOnUse"
            width="16"
            x="0"
            y="2"
          >
            <path
              clip-rule="evenodd"
              d="M8.04339 6.56944L8.0752 7.2504L7.54497 7.16702C5.6149 6.84738 3.92874 5.7634 2.4971 3.94287L1.79719 3.03955L1.61691 3.70662C1.23513 5.19362 1.47904 6.764 2.2744 7.82019C2.69859 8.40387 2.60315 8.48725 1.87142 8.13982C1.61691 8.02864 1.39421 7.94526 1.373 7.98695C1.29876 8.08423 1.55328 9.34888 1.75477 9.84918C2.03049 10.544 2.59254 11.225 3.20762 11.628L3.72725 11.9477L3.11218 11.9616C2.51831 11.9616 2.4971 11.9754 2.56073 12.2673C2.77282 13.1706 3.6106 14.1295 4.54382 14.5464L5.20131 14.8383L4.62866 15.283C3.78028 15.9223 2.78343 16.2836 1.78658 16.3114C1.30937 16.3253 0.916992 16.3809 0.916992 16.4226C0.916992 16.5615 2.21077 17.3398 2.96371 17.6455C5.22252 18.5488 7.90553 18.1597 9.92043 16.6171C11.3521 15.5192 12.7837 13.3374 13.4518 11.225C13.8124 10.0993 14.1729 8.04254 14.1729 7.05584C14.1729 6.41657 14.2048 6.33319 14.7986 5.56884C15.1486 5.12413 15.4773 4.63773 15.541 4.49876C15.647 4.23471 15.6364 4.23471 15.0956 4.47096C14.1941 4.88788 14.0669 4.83229 14.5123 4.20691C14.841 3.7622 15.2334 2.95617 15.2334 2.71991C15.2334 2.67822 15.0743 2.74771 14.8941 2.87278C14.7032 3.01176 14.279 3.22021 13.9608 3.34529L13.3882 3.58154L12.8686 3.12293C12.5822 2.87278 12.1792 2.59484 11.9671 2.51146C11.4263 2.3169 10.5991 2.34469 10.1113 2.56705C8.78572 3.19242 7.94795 4.80449 8.04339 6.56944Z"
              fill="white"
              fill-rule="evenodd"
            />
          </mask>
          <g
            mask="url(#mask0)"
          />
        </svg>
        <svg
          className=" w-8 h-8 mr-2"
          fill="none"
          viewBox="0 0 18 22"
          xmlns="http://www.w3.org/2000/svg"
        >
          <path
            clip-rule="evenodd"
            d="M4.98236 3.30964C4.96195 2.10668 4.29923 1.19043 3.22307 1.19043C2.14691 1.19043 1.44336 2.10668 1.44336 3.30964C1.44336 4.48769 2.12612 5.43032 3.18223 5.43032H3.20234C4.29923 5.43032 4.98236 4.48769 4.98236 3.30964ZM4.77527 7.10489H1.62948V19.3739H4.77527V7.10489ZM12.4982 6.81691C14.5683 6.81691 16.1202 8.57083 16.1202 12.3393L16.1201 19.374H12.9744V12.8101C12.9744 11.1614 12.5192 10.0363 11.3804 10.0363C10.5113 10.0363 9.99363 10.7948 9.76627 11.5273C9.68309 11.7898 9.66267 12.1556 9.66267 12.5223V19.3743H6.5165C6.5165 19.3743 6.55797 8.25659 6.5165 7.10533H9.66267V8.84313C10.0802 8.00774 10.828 6.81691 12.4982 6.81691Z"
            fill="white"
            fill-rule="evenodd"
          />
          <mask
            height="19"
            id="mask0"
            mask-type="alpha"
            maskUnits="userSpaceOnUse"
            width="16"
            x="1"
            y="1"
          >
            <path
              clip-rule="evenodd"
              d="M4.98236 3.30964C4.96195 2.10668 4.29923 1.19043 3.22307 1.19043C2.14691 1.19043 1.44336 2.10668 1.44336 3.30964C1.44336 4.48769 2.12612 5.43032 3.18223 5.43032H3.20234C4.29923 5.43032 4.98236 4.48769 4.98236 3.30964ZM4.77527 7.10489H1.62948V19.3739H4.77527V7.10489ZM12.4982 6.81691C14.5683 6.81691 16.1202 8.57083 16.1202 12.3393L16.1201 19.374H12.9744V12.8101C12.9744 11.1614 12.5192 10.0363 11.3804 10.0363C10.5113 10.0363 9.99363 10.7948 9.76627 11.5273C9.68309 11.7898 9.66267 12.1556 9.66267 12.5223V19.3743H6.5165C6.5165 19.3743 6.55797 8.25659 6.5165 7.10533H9.66267V8.84313C10.0802 8.00774 10.828 6.81691 12.4982 6.81691Z"
              fill="white"
              fill-rule="evenodd"
            />
          </mask>
          <g
            mask="url(#mask0)"
          />
        </svg>
        <svg
          className=" w-8 h-8 mr-2"
          fill="none"
          viewBox="0 0 17 22"
          xmlns="http://www.w3.org/2000/svg"
        >
          <path
            clip-rule="evenodd"
            d="M8.00984 1.19322C7.82882 1.19312 7.66108 1.19302 7.50516 1.19333V1.19043C5.8368 1.19285 5.51678 1.20738 4.69099 1.25579C3.81821 1.30784 3.34433 1.49666 3.02879 1.65643C2.61104 1.86752 2.31266 2.11928 1.99935 2.52597C1.68604 2.93266 1.49172 3.31998 1.32947 3.86223C1.20694 4.27183 1.06111 4.8867 1.0212 6.01962C0.978305 7.24453 0.969727 7.61055 0.969727 10.7135C0.969727 13.8164 0.978305 14.1844 1.0212 15.4093C1.06092 16.5422 1.20694 17.1571 1.32947 17.5662C1.49209 18.1087 1.68604 18.4951 1.99935 18.9018C2.31266 19.3084 2.61104 19.5602 3.02879 19.7708C3.34452 19.9299 3.81821 20.1192 4.69099 20.1714C5.63464 20.2271 5.91792 20.2392 8.30819 20.2392C10.6983 20.2392 10.9817 20.2271 11.9254 20.1714C12.7982 20.1196 13.2722 19.9308 13.5874 19.771C14.0053 19.5604 14.3028 19.3087 14.6161 18.902C14.9294 18.4955 15.1237 18.1094 15.286 17.5672C15.4085 17.1581 15.5543 16.5432 15.5943 15.4103C15.6371 14.1854 15.6465 13.8174 15.6465 10.7164C15.6465 7.61539 15.6371 7.24744 15.5943 6.02253C15.5545 4.88961 15.4085 4.27473 15.286 3.86562C15.1234 3.32337 14.9294 2.93605 14.6161 2.52936C14.303 2.12267 14.0052 1.87091 13.5874 1.6603C13.2719 1.50126 12.7982 1.31195 11.9254 1.26015C10.9816 1.20447 10.6983 1.19333 8.30819 1.19333L8.00984 1.19322ZM12.0121 4.51653C12.0121 3.74649 12.4933 3.12265 13.0863 3.12265V3.12217C13.6794 3.12217 14.1605 3.74673 14.1605 4.51653C14.1605 5.28634 13.6794 5.9109 13.0863 5.9109C12.4933 5.9109 12.0121 5.28634 12.0121 4.51653ZM8.30806 4.75179C5.76934 4.75179 3.71103 7.4236 3.71103 10.719C3.71103 14.0144 5.76934 16.685 8.30806 16.685C10.8468 16.685 12.9043 14.0144 12.9043 10.719C12.9043 7.4236 10.8466 4.75179 8.30788 4.75179H8.30806ZM11.292 10.7191C11.292 8.57985 9.95601 6.84586 8.30816 6.84586C6.66013 6.84586 5.32429 8.57985 5.32429 10.7191C5.32429 12.8581 6.66013 14.5923 8.30816 14.5923C9.95601 14.5923 11.292 12.8581 11.292 10.7191Z"
            fill="white"
            fill-rule="evenodd"
          />
          <mask
            height="20"
            id="mask0"
            mask-type="alpha"
            maskUnits="userSpaceOnUse"
            width="16"
            x="0"
            y="1"
          >
            <path
              clip-rule="evenodd"
              d="M8.00984 1.19322C7.82882 1.19312 7.66108 1.19302 7.50516 1.19333V1.19043C5.8368 1.19285 5.51678 1.20738 4.69099 1.25579C3.81821 1.30784 3.34433 1.49666 3.02879 1.65643C2.61104 1.86752 2.31266 2.11928 1.99935 2.52597C1.68604 2.93266 1.49172 3.31998 1.32947 3.86223C1.20694 4.27183 1.06111 4.8867 1.0212 6.01962C0.978305 7.24453 0.969727 7.61055 0.969727 10.7135C0.969727 13.8164 0.978305 14.1844 1.0212 15.4093C1.06092 16.5422 1.20694 17.1571 1.32947 17.5662C1.49209 18.1087 1.68604 18.4951 1.99935 18.9018C2.31266 19.3084 2.61104 19.5602 3.02879 19.7708C3.34452 19.9299 3.81821 20.1192 4.69099 20.1714C5.63464 20.2271 5.91792 20.2392 8.30819 20.2392C10.6983 20.2392 10.9817 20.2271 11.9254 20.1714C12.7982 20.1196 13.2722 19.9308 13.5874 19.771C14.0053 19.5604 14.3028 19.3087 14.6161 18.902C14.9294 18.4955 15.1237 18.1094 15.286 17.5672C15.4085 17.1581 15.5543 16.5432 15.5943 15.4103C15.6371 14.1854 15.6465 13.8174 15.6465 10.7164C15.6465 7.61539 15.6371 7.24744 15.5943 6.02253C15.5545 4.88961 15.4085 4.27473 15.286 3.86562C15.1234 3.32337 14.9294 2.93605 14.6161 2.52936C14.303 2.12267 14.0052 1.87091 13.5874 1.6603C13.2719 1.50126 12.7982 1.31195 11.9254 1.26015C10.9816 1.20447 10.6983 1.19333 8.30819 1.19333L8.00984 1.19322ZM12.0121 4.51653C12.0121 3.74649 12.4933 3.12265 13.0863 3.12265V3.12217C13.6794 3.12217 14.1605 3.74673 14.1605 4.51653C14.1605 5.28634 13.6794 5.9109 13.0863 5.9109C12.4933 5.9109 12.0121 5.28634 12.0121 4.51653ZM8.30806 4.75179C5.76934 4.75179 3.71103 7.4236 3.71103 10.719C3.71103 14.0144 5.76934 16.685 8.30806 16.685C10.8468 16.685 12.9043 14.0144 12.9043 10.719C12.9043 7.4236 10.8466 4.75179 8.30788 4.75179H8.30806ZM11.292 10.7191C11.292 8.57985 9.95601 6.84586 8.30816 6.84586C6.66013 6.84586 5.32429 8.57985 5.32429 10.7191C5.32429 12.8581 6.66013 14.5923 8.30816 14.5923C9.95601 14.5923 11.292 12.8581 11.292 10.7191Z"
              fill="white"
              fill-rule="evenodd"
            />
          </mask>
          <g
            mask="url(#mask0)"
          />
        </svg>
        <svg
          className=" w-8 h-8 mr-2"
          fill="none"
          viewBox="0 0 18 22"
          xmlns="http://www.w3.org/2000/svg"
        >
          <path
            clip-rule="evenodd"
            d="M9.71925 20.2416V10.7149H11.7452L12.0137 7.43196H9.71925L9.72269 5.78881C9.72269 4.93256 9.78537 4.47376 10.7328 4.47376H11.9993V1.19043H9.97311C7.53927 1.19043 6.68262 2.78302 6.68262 5.46125V7.43233H5.16553V10.7153H6.68262V20.2416H9.71925Z"
            fill="white"
            fill-rule="evenodd"
          />
          <mask
            height="20"
            id="mask0"
            mask-type="alpha"
            maskUnits="userSpaceOnUse"
            width="8"
            x="5"
            y="1"
          >
            <path
              clip-rule="evenodd"
              d="M9.71925 20.2416V10.7149H11.7452L12.0137 7.43196H9.71925L9.72269 5.78881C9.72269 4.93256 9.78537 4.47376 10.7328 4.47376H11.9993V1.19043H9.97311C7.53927 1.19043 6.68262 2.78302 6.68262 5.46125V7.43233H5.16553V10.7153H6.68262V20.2416H9.71925Z"
              fill="white"
              fill-rule="evenodd"
            />
          </mask>
          <g
            mask="url(#mask0)"
          />
        </svg>
        <svg
          className=" w-8 h-8 mr-2"
          fill="none"
          viewBox="0 0 17 22"
          xmlns="http://www.w3.org/2000/svg"
        >
          <path
            clip-rule="evenodd"
            d="M5.68864 1.33984H6.7433L5.94869 4.43418C5.91017 4.58421 5.86201 4.75611 5.80422 4.9499C5.74643 5.14369 5.69586 5.31872 5.65252 5.475C5.60918 5.63128 5.57306 5.80319 5.54416 5.99072V9.29135H4.50395V6.14075C4.48469 5.99072 4.34503 5.45937 4.08497 4.5467L3.26147 1.33984H4.31613L4.98071 4.50919H5.05295L5.68864 1.33984ZM9.37226 4.79058V7.82865C9.37226 8.35375 9.25187 8.75383 9.01108 9.02888C8.77029 9.30393 8.44281 9.44146 8.02865 9.44146C7.63376 9.44146 7.31351 9.29455 7.0679 9.00075C6.82229 8.70694 6.69949 8.30999 6.69949 7.8099V4.77183C6.69949 4.28423 6.83193 3.91229 7.0968 3.65599C7.36166 3.39969 7.68673 3.27154 8.072 3.27154C8.438 3.27154 8.74621 3.40907 8.99663 3.68412C9.24705 3.95917 9.37226 4.32799 9.37226 4.79058ZM12.7967 3.42156V9.29142H11.8721V8.63505C11.5157 9.12264 11.1593 9.36644 10.8029 9.36644C10.3695 9.36644 10.1528 9.01637 10.1528 8.31624V3.42156H11.0774V7.92241C11.0774 8.18496 11.1593 8.31624 11.3231 8.31624C11.4868 8.31624 11.6698 8.16621 11.8721 7.86615V3.42156H12.7967ZM8.4335 4.71537V7.92223C8.4335 8.24729 8.29865 8.40982 8.02897 8.40982C7.77855 8.40982 7.65334 8.24729 7.65334 7.92223V4.71537C7.65334 4.59034 7.69186 4.4872 7.76892 4.40594C7.84597 4.32467 7.93265 4.28404 8.02897 4.28404C8.12528 4.28404 8.21678 4.32467 8.30347 4.40594C8.39015 4.4872 8.4335 4.59034 8.4335 4.71537ZM14.4291 17.918C14.4868 16.7178 14.5157 15.8113 14.5157 15.1987C14.5157 14.5861 14.4868 13.6797 14.4291 12.4794C14.3905 11.8543 14.2051 11.3574 13.8728 10.9885C13.5405 10.6197 13.1336 10.4228 12.652 10.3978C11.7081 10.3353 10.2778 10.304 8.36114 10.304C6.44445 10.304 5.01416 10.3353 4.07026 10.3978C3.58868 10.4228 3.18174 10.6197 2.84945 10.9885C2.51716 11.3574 2.33175 11.8543 2.29323 12.4794C2.23544 13.6797 2.20654 14.5861 2.20654 15.1987C2.20654 15.8113 2.23544 16.7178 2.29323 17.918C2.33175 18.5431 2.51716 19.0401 2.84945 19.4089C3.18174 19.7777 3.58868 19.9746 4.07026 19.9996C5.01416 20.0621 6.44445 20.0934 8.36114 20.0934C10.2682 20.0934 11.6985 20.0621 12.652 19.9996C13.1336 19.9746 13.5405 19.7777 13.8728 19.4089C14.2051 19.0401 14.3905 18.5431 14.4291 17.918ZM13.4898 16.9053V16.549H12.724C12.724 16.574 12.7264 16.6553 12.7313 16.7928C12.7361 16.9303 12.7361 17.0272 12.7313 17.0835C12.7264 17.1397 12.7144 17.2116 12.6951 17.2992C12.6759 17.3867 12.6422 17.4492 12.594 17.4867C12.5459 17.5242 12.4784 17.543 12.3917 17.543C12.2954 17.543 12.2208 17.5054 12.1678 17.4304C12.1148 17.3554 12.0859 17.2804 12.0811 17.2054C12.0763 17.1304 12.0739 17.0241 12.0739 16.8866V15.9864H13.4898V14.7862C13.4898 14.3486 13.3983 14.0048 13.2153 13.7547C13.0323 13.5047 12.7722 13.3797 12.4351 13.3797C12.1076 13.3797 11.8355 13.5078 11.6188 13.7641C11.4021 14.0204 11.2937 14.3611 11.2937 14.7862V16.9053C11.2937 17.3554 11.3877 17.7149 11.5755 17.9837C11.7633 18.2525 12.0306 18.3869 12.3773 18.3869C13.1189 18.3869 13.4898 17.893 13.4898 16.9053ZM10.7307 14.6361V17.2616C10.7307 17.9618 10.5044 18.3118 10.0517 18.3118C9.79165 18.3118 9.55567 18.1681 9.34378 17.8805V18.2556H8.59251V11.8231H9.34378V13.886C9.54604 13.5984 9.76757 13.4547 10.0084 13.4547C10.4899 13.4547 10.7307 13.8485 10.7307 14.6361ZM7.11874 18.2555H7.85556V13.5109H7.11874V17.1116C6.95501 17.3491 6.80572 17.4679 6.67087 17.4679C6.54566 17.4679 6.48306 17.3616 6.48306 17.1491V13.5109H5.73179V17.5054C5.73179 18.0555 5.90516 18.3305 6.2519 18.3305C6.54085 18.3305 6.8298 18.1305 7.11874 17.7304V18.2555ZM5.74617 12.7608H4.86487V18.2556H4.02692V12.7608H3.16008V11.8231H5.74617V12.7608ZM12.724 14.7299V15.255H12.0739V14.7299C12.0739 14.3923 12.1847 14.2235 12.4062 14.2235C12.6181 14.2235 12.724 14.3923 12.724 14.7299ZM9.96487 17.168V14.6738C9.96487 14.3612 9.86373 14.2049 9.66147 14.2049C9.54589 14.2049 9.43994 14.2674 9.34363 14.3925V17.3555C9.44958 17.4931 9.56997 17.5618 9.70481 17.5618C9.87818 17.5618 9.96487 17.4305 9.96487 17.168Z"
            fill="white"
            fill-rule="evenodd"
          />
        </svg>
      </div>
    </div>
  </div>
</div>
`;
