// Jest Snapshot v1, https://goo.gl/fbAQLP

exports[`renders correctly 1`] = `
<form
  className="md:shadow-xl w-10/12 lg:w-8/12 mx-auto  flex flex-col  p-2 sm:p-4 md:p-8"
>
  <div
    className="flex flex-col md:flex-row mb-8"
  >
    <div
      className="flex-1 flex flex-col  mb-4 "
    >
      <label
        className="flex-1 mb-2 text-sm sm:text-base font-semibold"
        htmlFor="name"
      />
      <input
        className="flex-1  mr-4 p-2 text-sm sm:text-base tracking-normal font-semibold  border-2 border-gray-300 focus:outline-none  bg-white placeholder-gray-800"
        id="name"
        name="name"
        onChange={[Function]}
        placeholder="AboutPage.ContectName"
        type="text"
        value=""
      />
    </div>
    <div
      className="flex-1 flex flex-col  mb-4 "
    >
      <label
        className="flex-1 mb-2 text-sm sm:text-base font-semibold"
        htmlFor="email"
      />
      <input
        className="flex-1  mr-4 p-2 text-sm sm:text-base tracking-normal font-semibold  border-2 border-gray-300 focus:outline-none  bg-white placeholder-gray-800"
        id="email"
        name="email"
        onChange={[Function]}
        placeholder="AboutPage.ContectEmail"
        type="email"
        value=""
      />
    </div>
  </div>
  <textarea
    className=" flex-1 mr-4 p-2 text-base tracking-normal font-semibold placeholder-gray-800 border-2 border-gray-300 focus:outline-none "
    name="massege"
    onChange={[Function]}
    placeholder="AboutPage.ContectMessage"
    rows="6"
    value=""
  />
  <div
    className="self-center"
  >
    <button
      className="inline-block text-white text-base md:text-lg  text-center md:font-medium bg-primary  md:mt-8 mt-4 px-8 md:px-12 lg:px-16 py-1 lg:py-2  shadow-md transition duration-500 ease-in-out transform hover:scale-95"
      onClick={[Function]}
      type="button"
    >
      AboutPage.ContectSend
    </button>
  </div>
</form>
`;
