// Jest Snapshot v1, https://goo.gl/fbAQLP

exports[`renders correctly 1`] = `
<div
  className="text-base md:text-lg lg:text-xl font-medium mb-6"
>
  Donate is awsome
</div>
`;
